[debug] [2026-09-14T15:47:16.262Z] ----------------------------------------------------------------------
[debug] [2026-09-14T15:47:16.267Z] Command:       /usr/local/bin/node /usr/local/bin/firebase init
[debug] [2026-09-14T15:47:16.267Z] CLI Version:   15.28.1
[debug] [2026-09-14T15:47:16.267Z] Platform:      darwin
[debug] [2026-09-14T15:47:16.267Z] Node Version:  v20.12.2
[debug] [2026-09-14T15:47:16.267Z] Detected Agent: unknown
[debug] [2026-09-14T15:47:16.267Z] Time:          Mon Sep 14 2026 20:47:16 GMT+0500 (Pakistan Standard Time)
[debug] [2026-09-14T15:47:16.267Z] ----------------------------------------------------------------------
[debug] 
[info] 
     ######## #### ########  ######## ########     ###     ######  ########
     ##        ##  ##     ## ##       ##     ##  ##   ##  ##       ##
     ######    ##  ########  ######   ########  #########  ######  ######
     ##        ##  ##    ##  ##       ##     ## ##     ##       ## ##
     ##       #### ##     ## ######## ########  ##     ##  ######  ########

You're about to initialize a Firebase project in this directory:

  /Users/aadilasad/h5sh/work/metaviz/bigC/codinative-developers-portal

[info] 
=== Account Setup
[info] 
[info] Which account do you want to use for this project? Choose an account or add a new one now
[info] 
[debug] [2026-09-14T15:53:03.708Z] setProjectAccount(/Users/aadilasad/h5sh/work/metaviz/bigC/codinative-developers-portal, hasham.asad.b@gmail.com)
[info] 
[info] ✔  Using account: hasham.asad.b@gmail.com 
[info] 
=== Project Setup
[info] 
[info] First, let's associate this project directory with a Firebase project.
[info] You can create multiple project aliases by running firebase use --add, 
[info] 
[debug] [2026-09-14T15:53:11.066Z] > command requires scopes: ["email","openid","https://www.googleapis.com/auth/cloudplatformprojects.readonly","https://www.googleapis.com/auth/firebase","https://www.googleapis.com/auth/cloud-platform"]
[debug] [2026-09-14T15:53:11.068Z] > authorizing via signed-in user (hasham.asad.b@gmail.com)
[debug] [2026-09-14T15:53:11.070Z] Checked if tokens are valid: true, expires at: 1789404305125
[debug] [2026-09-14T15:53:11.070Z] Checked if tokens are valid: true, expires at: 1789404305125
[debug] [2026-09-14T15:53:11.073Z] >>> [apiv2][query] GET https://firebase.googleapis.com/v1beta1/projects pageSize=100
[debug] [2026-09-14T15:53:11.955Z] <<< [apiv2][status] GET https://firebase.googleapis.com/v1beta1/projects 200
[debug] [2026-09-14T15:53:11.955Z] <<< [apiv2][body] GET https://firebase.googleapis.com/v1beta1/projects [omitted]
[info] 
=== Hosting Setup
[info] 
[debug] [2026-09-14T15:53:50.448Z] Checked if tokens are valid: true, expires at: 1789404305125
[debug] [2026-09-14T15:53:50.449Z] Checked if tokens are valid: true, expires at: 1789404305125
[debug] [2026-09-14T15:53:50.449Z] >>> [apiv2][query] GET https://firebase.googleapis.com/v1beta1/projects/codinative-dashboard [none]
[debug] [2026-09-14T15:53:51.048Z] <<< [apiv2][status] GET https://firebase.googleapis.com/v1beta1/projects/codinative-dashboard 200
[debug] [2026-09-14T15:53:51.049Z] <<< [apiv2][body] GET https://firebase.googleapis.com/v1beta1/projects/codinative-dashboard {"projectId":"codinative-dashboard","projectNumber":"304073003056","displayName":"Codinative-Dashboard","name":"projects/codinative-dashboard","resources":{"hostingSite":"codinative-dashboard"},"state":"ACTIVE","labels":{"firebase":"enabled"},"etag":"1_563a8a0c-2634-4b69-9ecf-3cc88c77a9e9"}
[info] 
[info] Your public directory is the folder (relative to your project directory) that
[info] will contain Hosting assets to be uploaded with firebase deploy. If you
[info] have a build process for your assets, use your build's output directory.
[info] 
[info] 
[info] i  Detected a .git folder at /Users/aadilasad/h5sh/work/metaviz/bigC/codinative-developers-portal 
[info] i  Authorizing with GitHub to upload your service account to a GitHub repository's secrets store. 
[info] 
[info] Visit this URL on this device to log in:
[info] https://github.com/login/oauth/authorize?client_id=89cf50f02ac6aaed3484&state=639903009&redirect_uri=http%3A%2F%2Flocalhost%3A9005&scope=read%3Auser%20repo%20public_repo
[info] 
[info] Waiting for authentication...
[debug] [2026-09-14T15:58:26.356Z] >>> [apiv2][query] POST https://github.com/login/oauth/access_token [none]
[debug] [2026-09-14T15:58:26.357Z] >>> [apiv2][body] POST https://github.com/login/oauth/access_token [stream]
[debug] [2026-09-14T15:58:26.986Z] <<< [apiv2][status] POST https://github.com/login/oauth/access_token 200
[debug] [2026-09-14T15:58:26.987Z] <<< [apiv2][body] POST https://github.com/login/oauth/access_token {"access_token":"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","token_type":"bearer","scope":"read:user,repo"}
[debug] [2026-09-14T15:58:27.005Z] >>> [apiv2][query] GET https://api.github.com/user [none]
[debug] [2026-09-14T15:58:27.773Z] <<< [apiv2][status] GET https://api.github.com/user 200
[debug] [2026-09-14T15:58:27.773Z] <<< [apiv2][body] GET https://api.github.com/user {"login":"Sajidjameel","id":77583423,"node_id":"MDQ6VXNlcjc3NTgzNDIz","avatar_url":"https://avatars.githubusercontent.com/u/77583423?v=4","gravatar_id":"","url":"https://api.github.com/users/Sajidjameel","html_url":"https://github.com/Sajidjameel","followers_url":"https://api.github.com/users/Sajidjameel/followers","following_url":"https://api.github.com/users/Sajidjameel/following{/other_user}","gists_url":"https://api.github.com/users/Sajidjameel/gists{/gist_id}","starred_url":"https://api.github.com/users/Sajidjameel/starred{/owner}{/repo}","subscriptions_url":"https://api.github.com/users/Sajidjameel/subscriptions","organizations_url":"https://api.github.com/users/Sajidjameel/orgs","repos_url":"https://api.github.com/users/Sajidjameel/repos","events_url":"https://api.github.com/users/Sajidjameel/events{/privacy}","received_events_url":"https://api.github.com/users/Sajidjameel/received_events","type":"User","user_view_type":"private","site_admin":false,"name":"Sajid-jameel","company":"@Codinative ","blog":"","location":null,"email":null,"hireable":null,"bio":"Expert Full Stack Web & App Developer | Customization Specialist | Specialize in BigCommerce, Shopify, WooCommerce, Squarespace, WebFlow, Webwave & Flutter\r\n","twitter_username":null,"notification_email":null,"public_repos":45,"public_gists":0,"followers":1,"following":1,"created_at":"2021-01-17T17:08:44Z","updated_at":"2026-08-19T12:26:13Z","private_gists":0,"total_private_repos":28,"owned_private_repos":28,"disk_usage":573145,"collaborators":4,"two_factor_authentication":true,"plan":{"name":"free","space":976562499,"collaborators":0,"private_repos":10000}}
[info] 
[info] ✔  Success! Logged into GitHub as Sajidjameel 
[info] 
[debug] [2026-09-14T15:59:05.869Z] >>> [apiv2][query] GET https://api.github.com/repos/Codinative/codinative-developers-portal/actions/secrets/public-key type=owner
[debug] [2026-09-14T15:59:06.431Z] <<< [apiv2][status] GET https://api.github.com/repos/Codinative/codinative-developers-portal/actions/secrets/public-key 403
[debug] [2026-09-14T15:59:06.431Z] <<< [apiv2][body] GET https://api.github.com/repos/Codinative/codinative-developers-portal/actions/secrets/public-key {"message":"You must have repository read permissions or have the repository secrets fine-grained permission.","documentation_url":"https://docs.github.com/rest/actions/secrets#get-a-repository-public-key","status":"403"}
[info] 
[info] 
[error] ⚠  The provided authorization cannot be used with this repository. If this repository is in an organization, did you remember to grant access? 
[info] 
[info] i  Action required: Visit this URL to ensure access has been granted to the appropriate organization(s) for the Firebase CLI GitHub OAuth App: 
[info] https://github.com/settings/connections/applications/89cf50f02ac6aaed3484
[info] 
[debug] [2026-09-14T16:00:19.488Z] >>> [apiv2][query] GET https://api.github.com/repos/Sajidjameel/codinative-developers-portal/actions/secrets/public-key type=owner
[debug] [2026-09-14T16:00:20.055Z] <<< [apiv2][status] GET https://api.github.com/repos/Sajidjameel/codinative-developers-portal/actions/secrets/public-key 404
[debug] [2026-09-14T16:00:20.055Z] <<< [apiv2][body] GET https://api.github.com/repos/Sajidjameel/codinative-developers-portal/actions/secrets/public-key {"message":"Not Found","documentation_url":"https://docs.github.com/rest/actions/secrets#get-a-repository-public-key","status":"404"}
[info] 
[info] 
[error] ⚠  The provided authorization cannot be used with this repository. If this repository is in an organization, did you remember to grant access? 
[info] 
[info] i  Action required: Visit this URL to ensure access has been granted to the appropriate organization(s) for the Firebase CLI GitHub OAuth App: 
[info] https://github.com/settings/connections/applications/89cf50f02ac6aaed3484
[info] 
[debug] [2026-09-14T16:00:21.041Z] >>> [apiv2][query] GET https://api.github.com/repos/Sajidjameel/codinative-developers-portal/actions/secrets/public-key type=owner
[debug] [2026-09-14T16:00:21.399Z] <<< [apiv2][status] GET https://api.github.com/repos/Sajidjameel/codinative-developers-portal/actions/secrets/public-key 404
[debug] [2026-09-14T16:00:21.399Z] <<< [apiv2][body] GET https://api.github.com/repos/Sajidjameel/codinative-developers-portal/actions/secrets/public-key {"message":"Not Found","documentation_url":"https://docs.github.com/rest/actions/secrets#get-a-repository-public-key","status":"404"}
[info] 
[info] 
[error] ⚠  The provided authorization cannot be used with this repository. If this repository is in an organization, did you remember to grant access? 
[info] 
[info] i  Action required: Visit this URL to ensure access has been granted to the appropriate organization(s) for the Firebase CLI GitHub OAuth App: 
[info] https://github.com/settings/connections/applications/89cf50f02ac6aaed3484
[info] 
[debug] [2026-09-14T16:00:23.167Z] >>> [apiv2][query] GET https://api.github.com/repos/Sajidjameel/codinative-developers-portal/actions/secrets/public-key type=owner
[debug] [2026-09-14T16:00:23.514Z] <<< [apiv2][status] GET https://api.github.com/repos/Sajidjameel/codinative-developers-portal/actions/secrets/public-key 404
[debug] [2026-09-14T16:00:23.514Z] <<< [apiv2][body] GET https://api.github.com/repos/Sajidjameel/codinative-developers-portal/actions/secrets/public-key {"message":"Not Found","documentation_url":"https://docs.github.com/rest/actions/secrets#get-a-repository-public-key","status":"404"}
[info] 
[info] 
[error] ⚠  The provided authorization cannot be used with this repository. If this repository is in an organization, did you remember to grant access? 
[info] 
[info] i  Action required: Visit this URL to ensure access has been granted to the appropriate organization(s) for the Firebase CLI GitHub OAuth App: 
[info] https://github.com/settings/connections/applications/89cf50f02ac6aaed3484
[info] 
[debug] [2026-09-14T16:00:43.065Z] >>> [apiv2][query] GET https://api.github.com/repos/Codinative/codinative-developers-portal/actions/secrets/public-key type=owner
[debug] [2026-09-14T16:00:43.618Z] <<< [apiv2][status] GET https://api.github.com/repos/Codinative/codinative-developers-portal/actions/secrets/public-key 403
[debug] [2026-09-14T16:00:43.618Z] <<< [apiv2][body] GET https://api.github.com/repos/Codinative/codinative-developers-portal/actions/secrets/public-key {"message":"You must have repository read permissions or have the repository secrets fine-grained permission.","documentation_url":"https://docs.github.com/rest/actions/secrets#get-a-repository-public-key","status":"403"}
[info] 
[info] 
[error] ⚠  The provided authorization cannot be used with this repository. If this repository is in an organization, did you remember to grant access? 
[info] 
[info] i  Action required: Visit this URL to ensure access has been granted to the appropriate organization(s) for the Firebase CLI GitHub OAuth App: 
[info] https://github.com/settings/connections/applications/89cf50f02ac6aaed3484
[info] 
[debug] [2026-09-14T16:00:45.150Z] >>> [apiv2][query] GET https://api.github.com/repos/Codinative/codinative-developers-portal/actions/secrets/public-key type=owner
[debug] [2026-09-14T16:00:45.515Z] <<< [apiv2][status] GET https://api.github.com/repos/Codinative/codinative-developers-portal/actions/secrets/public-key 403
[debug] [2026-09-14T16:00:45.516Z] <<< [apiv2][body] GET https://api.github.com/repos/Codinative/codinative-developers-portal/actions/secrets/public-key {"message":"You must have repository read permissions or have the repository secrets fine-grained permission.","documentation_url":"https://docs.github.com/rest/actions/secrets#get-a-repository-public-key","status":"403"}
[info] 
[info] 
[error] ⚠  The provided authorization cannot be used with this repository. If this repository is in an organization, did you remember to grant access? 
[info] 
[info] i  Action required: Visit this URL to ensure access has been granted to the appropriate organization(s) for the Firebase CLI GitHub OAuth App: 
[info] https://github.com/settings/connections/applications/89cf50f02ac6aaed3484
[info] 
[debug] [2026-09-14T16:01:18.296Z] >>> [apiv2][query] GET https://api.github.com/repos/Codinative/codinative-developers-portal/actions/secrets/public-key type=owner
[debug] [2026-09-14T16:01:18.953Z] <<< [apiv2][status] GET https://api.github.com/repos/Codinative/codinative-developers-portal/actions/secrets/public-key 403
[debug] [2026-09-14T16:01:18.954Z] <<< [apiv2][body] GET https://api.github.com/repos/Codinative/codinative-developers-portal/actions/secrets/public-key {"message":"You must have repository read permissions or have the repository secrets fine-grained permission.","documentation_url":"https://docs.github.com/rest/actions/secrets#get-a-repository-public-key","status":"403"}
[info] 
[info] 
[error] ⚠  The provided authorization cannot be used with this repository. If this repository is in an organization, did you remember to grant access? 
[info] 
[info] i  Action required: Visit this URL to ensure access has been granted to the appropriate organization(s) for the Firebase CLI GitHub OAuth App: 
[info] https://github.com/settings/connections/applications/89cf50f02ac6aaed3484
[info] 
[debug] [2026-09-14T16:01:19.938Z] >>> [apiv2][query] GET https://api.github.com/repos/Codinative/codinative-developers-portal/actions/secrets/public-key type=owner
[debug] [2026-09-14T16:01:20.336Z] <<< [apiv2][status] GET https://api.github.com/repos/Codinative/codinative-developers-portal/actions/secrets/public-key 403
[debug] [2026-09-14T16:01:20.336Z] <<< [apiv2][body] GET https://api.github.com/repos/Codinative/codinative-developers-portal/actions/secrets/public-key {"message":"You must have repository read permissions or have the repository secrets fine-grained permission.","documentation_url":"https://docs.github.com/rest/actions/secrets#get-a-repository-public-key","status":"403"}
[info] 
[info] 
[error] ⚠  The provided authorization cannot be used with this repository. If this repository is in an organization, did you remember to grant access? 
[info] 
[info] i  Action required: Visit this URL to ensure access has been granted to the appropriate organization(s) for the Firebase CLI GitHub OAuth App: 
[info] https://github.com/settings/connections/applications/89cf50f02ac6aaed3484
[info] 
[debug] [2026-09-14T16:01:20.543Z] >>> [apiv2][query] GET https://api.github.com/repos/Codinative/codinative-developers-portal/actions/secrets/public-key type=owner
[debug] [2026-09-14T16:01:20.956Z] <<< [apiv2][status] GET https://api.github.com/repos/Codinative/codinative-developers-portal/actions/secrets/public-key 403
[debug] [2026-09-14T16:01:20.956Z] <<< [apiv2][body] GET https://api.github.com/repos/Codinative/codinative-developers-portal/actions/secrets/public-key {"message":"You must have repository read permissions or have the repository secrets fine-grained permission.","documentation_url":"https://docs.github.com/rest/actions/secrets#get-a-repository-public-key","status":"403"}
[info] 
[info] 
[error] ⚠  The provided authorization cannot be used with this repository. If this repository is in an organization, did you remember to grant access? 
[info] 
[info] i  Action required: Visit this URL to ensure access has been granted to the appropriate organization(s) for the Firebase CLI GitHub OAuth App: 
[info] https://github.com/settings/connections/applications/89cf50f02ac6aaed3484
[info] 
[debug] [2026-09-14T16:02:25.018Z] >>> [apiv2][query] GET https://api.github.com/repos/Sajid-jameel/codinative-developers-portal/actions/secrets/public-key type=owner
[debug] [2026-09-14T16:02:25.554Z] <<< [apiv2][status] GET https://api.github.com/repos/Sajid-jameel/codinative-developers-portal/actions/secrets/public-key 404
[debug] [2026-09-14T16:02:25.554Z] <<< [apiv2][body] GET https://api.github.com/repos/Sajid-jameel/codinative-developers-portal/actions/secrets/public-key {"message":"Not Found","documentation_url":"https://docs.github.com/rest/actions/secrets#get-a-repository-public-key","status":"404"}
[info] 
[info] 
[error] ⚠  The provided authorization cannot be used with this repository. If this repository is in an organization, did you remember to grant access? 
[info] 
[info] i  Action required: Visit this URL to ensure access has been granted to the appropriate organization(s) for the Firebase CLI GitHub OAuth App: 
[info] https://github.com/settings/connections/applications/89cf50f02ac6aaed3484
[info] 
[debug] [2026-09-14T16:02:26.593Z] >>> [apiv2][query] GET https://api.github.com/repos/Sajid-jameel/codinative-developers-portal/actions/secrets/public-key type=owner
[debug] [2026-09-14T16:02:26.933Z] <<< [apiv2][status] GET https://api.github.com/repos/Sajid-jameel/codinative-developers-portal/actions/secrets/public-key 404
[debug] [2026-09-14T16:02:26.933Z] <<< [apiv2][body] GET https://api.github.com/repos/Sajid-jameel/codinative-developers-portal/actions/secrets/public-key {"message":"Not Found","documentation_url":"https://docs.github.com/rest/actions/secrets#get-a-repository-public-key","status":"404"}
[info] 
[info] 
[error] ⚠  The provided authorization cannot be used with this repository. If this repository is in an organization, did you remember to grant access? 
[info] 
[info] i  Action required: Visit this URL to ensure access has been granted to the appropriate organization(s) for the Firebase CLI GitHub OAuth App: 
[info] https://github.com/settings/connections/applications/89cf50f02ac6aaed3484
[info] 
